<html>
  <head>
    <title>The Baz In the Hills</title>
  </head>
  <body>
    <h1>This post is called The Baz In the Hills</h1>
    <p>
      <small>Posted on Sunday, June 28, 2020 with tags:
         <a href="/posts/tags/baz">baz</a>
         <a href="/posts/tags/spatula">spatula</a>
      </small> 
    <p>It was generated from the source posts/baz.md</p>
    <p>For the url /posts/baz.html</p>
    <p><p>Lorem ipsum</p></p>
    <p>Here are the recent posts again:
      <ul>
        <li>
          <a href="/posts/baz.html">The Quux In The Maw</a>
          <small>Posted on Monday, July 20, 2020 with tags:
              <a href="/posts/tags/quux">quux</a>
              <a href="/posts/tags/spatula">spatula</a>
          </small>
        </li>
        <li>
          <a href="/posts/baz.html">The Baz In the Hills</a>
          <small>Posted on Sunday, June 28, 2020 with tags:
              <a href="/posts/tags/baz">baz</a>
              <a href="/posts/tags/spatula">spatula</a>
          </small>
        </li>
        <li>
          <a href="/posts/baz.html">The Bar in the mountains</a>
          <small>Posted on Monday, June 01, 2020 with tags:
              <a href="/posts/tags/bar">bar</a>
              <a href="/posts/tags/spatula">spatula</a>
          </small>
        </li>
      </ul>
    </p>
  </body>
</html>
