<html>
  <head profile="http://www.w3.org/2005/10/profile">
      <meta charset="UTF-8">
      <meta name="description" content="">
      <meta name="author" content="">
      <meta name=viewport content="width=device-width, initial-scale=1">
      <title>Posts from April, 2020</title>
      <link rel="icon" type="image/png" href="/images/logo.png">
      <link crossorigin="anonymous" href="https://stackpath.bootstrapcdn.com/bootstrap/5.0.0-alpha1/css/bootstrap.min.css" integrity="sha384-r4NyP46KrjDleawBgD5tp8Y7UzmLA05oM1iAEQ17CSuDqnUK2+k9luXQOfXJCJ4I" rel="stylesheet"><script crossorigin="anonymous" integrity="sha384-oesi62hOLfzrys4LxRF63OJCXdXDipiYWBnvTl9Y9/TRlw5xlKIEHpNyvvDShgf/" src="https://stackpath.bootstrapcdn.com/bootstrap/5.0.0-alpha1/js/bootstrap.min.js"></script><link crossorigin="anonymous" href="https://stackpath.bootstrapcdn.com/font-awesome/4.7.0/css/font-awesome.min.css" integrity="sha384-wvfXpqpZZVQGK6TAh5PVlGOfQNHSoD2xbE+QkPxCAFlNEevoEH3Sl0sibVcOQVnN" rel="stylesheet"><script crossorigin="anonymous" integrity="sha384-ynpCZozLxgqK3wrgBu8qH8qPG3eD8mME8z0zugAX26UMb5HfLp2PtvtDH4vdmgkm" src="https://cdn.jsdelivr.net/npm/mathjax@3.0.5/es5/tex-mml-chtml.js"></script><script crossorigin="anonymous" integrity="sha512-bLT0Qm9VnAYZDflyKcBaQ2gg0hSYNQrJ8RilYldYQ1FxQYoCLtUjuuRuZo+fjqhx/qtq/1itJ0C2ejDxltZVFg==" src="https://cdnjs.cloudflare.com/ajax/libs/jquery/3.5.1/jquery.min.js"></script><script crossorigin="anonymous" integrity="sha512-eUQ9hGdLjBjY3F41CScH3UX+4JDSI9zXeroz7hJ+RteoCaY+GP/LDoM8AO+Pt+DRFw3nXqsjh9Zsts8hnYv8/A==" src="https://cdnjs.cloudflare.com/ajax/libs/popper.js/2.4.4/umd/popper.min.js"></script>
      <style>
        pre &gt; code.sourceCode { white-space: pre; position: relative; }
pre &gt; code.sourceCode &gt; span { display: inline-block; line-height: 1.25; }
pre &gt; code.sourceCode &gt; span:empty { height: 1.2em; }
code.sourceCode &gt; span { color: inherit; text-decoration: inherit; }
div.sourceCode { margin: 1em 0; }
pre.sourceCode { margin: 0; }
@media screen {
div.sourceCode { overflow: auto; }
}
@media print {
pre &gt; code.sourceCode { white-space: pre-wrap; }
pre &gt; code.sourceCode &gt; span { text-indent: -5em; padding-left: 5em; }
}
pre.numberSource code
  { counter-reset: source-line 0; }
pre.numberSource code &gt; span
  { position: relative; left: -4em; counter-increment: source-line; }
pre.numberSource code &gt; span &gt; a:first-child::before
  { content: counter(source-line);
    position: relative; left: -1em; text-align: right; vertical-align: baseline;
    border: none; display: inline-block;
    -webkit-touch-callout: none; -webkit-user-select: none;
    -khtml-user-select: none; -moz-user-select: none;
    -ms-user-select: none; user-select: none;
    padding: 0 4px; width: 4em;
    color: #aaaaaa;
  }
pre.numberSource { margin-left: 3em; border-left: 1px solid #aaaaaa;  padding-left: 4px; }
div.sourceCode
  {   }
@media screen {
pre &gt; code.sourceCode &gt; span &gt; a:first-child::before { text-decoration: underline; }
}
code span.al { color: #ff0000; font-weight: bold; } /* Alert */
code span.an { color: #60a0b0; font-weight: bold; font-style: italic; } /* Annotation */
code span.at { color: #7d9029; } /* Attribute */
code span.bn { color: #40a070; } /* BaseN */
code span.bu { } /* BuiltIn */
code span.cf { color: #007020; font-weight: bold; } /* ControlFlow */
code span.ch { color: #4070a0; } /* Char */
code span.cn { color: #880000; } /* Constant */
code span.co { color: #60a0b0; font-style: italic; } /* Comment */
code span.cv { color: #60a0b0; font-weight: bold; font-style: italic; } /* CommentVar */
code span.do { color: #ba2121; font-style: italic; } /* Documentation */
code span.dt { color: #902000; } /* DataType */
code span.dv { color: #40a070; } /* DecVal */
code span.er { color: #ff0000; font-weight: bold; } /* Error */
code span.ex { } /* Extension */
code span.fl { color: #40a070; } /* Float */
code span.fu { color: #06287e; } /* Function */
code span.im { } /* Import */
code span.in { color: #60a0b0; font-weight: bold; font-style: italic; } /* Information */
code span.kw { color: #007020; font-weight: bold; } /* Keyword */
code span.op { color: #666666; } /* Operator */
code span.ot { color: #007020; } /* Other */
code span.pp { color: #bc7a00; } /* Preprocessor */
code span.sc { color: #4070a0; } /* SpecialChar */
code span.ss { color: #bb6688; } /* SpecialString */
code span.st { color: #4070a0; } /* String */
code span.va { color: #19177c; } /* Variable */
code span.vs { color: #4070a0; } /* VerbatimString */
code span.wa { color: #60a0b0; font-weight: bold; font-style: italic; } /* Warning */

      </style>
  </head>
  <body>
    <header>
      <nav class="navbar navbar-expand flex-column flex-md-row">
        <a href="/" class="navbar-brand">Blanky Site</a>
        <div class="td-navbar-nav-scroll ml-md-auto">
          <ul class="navbar-nav mt-2 mt-lg-0">
            <li class="nav-item mr-4 mb-2 mb-lg-0">
              <a href="http://twitter.com/blanky-site-nowhere">
                <i class="fa fa-twitter"></i>
              </a>
            </li>
            <li class="nav-item mr-4 mb-2 mb-lg-0">
              <a href="http://youtube.com/blanky-site-nowhere">
                <i class="fa fa-youtube"></i>
              </a>
            </li>
            <li class="nav-item mr-4 mb-2 mb-lg-0">
              <a href="http://gitlab.com/blanky-site-nowhere">
                <i class="fa fa-gitlab"></i>
              </a>
            </li>
            <li class="nav-item mr-4 mb-2 mb-lg-0">
              <a href="/docs">Docs</a>
            </li>
            <li class="nav-item mr-4 mb-2 mb-lg-0">
              <a href="/posts">Posts</a>
            </li>
          </ul>
      </nav>
    </header>
    <div class="container-fluid td-outer">
      <div class="td-main">
        <div class="row flex-xl-nowrap">
          <div class="col-12 col-md-3 col-xl-2 td-sidebar d-print-none">
            <nav class="td-sidebar-nav pt-2 pl-4">
            <ul>
              <li><a href=/posts/>Blog</a></li>
              <ul>
                <li><a href=/posts/months/2020-07/>July, 2020</a></li>
                <ul>
                  <li><a href=/posts/quuz.html>The Quux In The Maw</a></li>
                </ul>
                <li><a href=/posts/months/2020-06/>June, 2020</a></li>
                <ul>
                  <li><a href=/posts/baz.html>The Baz In the Hills</a></li>
                  <li><a href=/posts/bar.html>The Bar in the mountains</a></li>
                </ul>
                <li><a href=/posts/months/2020-04/>April, 2020</a></li>
                <ul>
                  <li><a href=/posts/foo.html>The Foo In The Valley</a></li>
                </ul>
              </ul>
            </ul>
            </nav>
          </div>
          <main class="col-12 col-md-9 col-xl-8 pl-md-5" role="main">
            <div class="td-content">
              <h1>This post page is called Posts from April, 2020</h1>
              <h2>The Foo In The Valley</h2>
              <p>
              <small>Posted on Tuesday, April 28, 2020 with tags:
                <a href="/posts/tags/foo/">foo</a>
                <a href="/posts/tags/spatula/">spatula</a>
              </small>
              <p><p>Lorem ipsum</p></p>
              <p><a href=/posts/foo.html>Read More</a></p>
              </p>

            </div>
            <div>
              Pages:
              <a href="/posts/months/2020-04/pages/1">1</a>
            </div>
          </main>
        </div>
      </div>
    </div>
  </body>
</html>
