<html>
  <head>
    <title>Posts tagged quux</title>
  </head>
  <body>
    <h1>This post page is called Posts tagged quux</h1>
    <h2>The Quux In The Maw</h2>
    <p>
      <small>Posted on Monday, July 20, 2020 with tags:
         <a href="/posts/tags/quux">quux</a>
         <a href="/posts/tags/spatula">spatula</a>
      </small> 
      <p><p>Lorem ipsum</p></p>
      <p><a href=/posts/quuz.html>Read More</a></p>
    </p>
    <p>It was generated from the source </p>
    <p>For the url /posts/tags/quux/pages/1</p>
    <p></p>
    <p>Here are the recent posts again:
      <ul>
      </ul>
    </p>
  </body>
</html>
