<html>
  <head>
    <title>Posts from June, 2020</title>
  </head>
  <body>
    <h1>This post page is called Posts from June, 2020</h1>
    <h2>The Baz In the Hills</h2>
    <p>
      <small>Posted on Sunday, June 28, 2020 with tags:
         <a href="/posts/tags/baz">baz</a>
         <a href="/posts/tags/spatula">spatula</a>
      </small> 
      <p><p>Lorem ipsum</p></p>
      <p><a href=/.html>Read More</a></p>
    </p>
    <h2>The Bar in the mountains</h2>
    <p>
      <small>Posted on Monday, June 01, 2020 with tags:
         <a href="/posts/tags/bar">bar</a>
         <a href="/posts/tags/spatula">spatula</a>
      </small> 
      <p><p>Lorem ipsum</p></p>
      <p><a href=/.html>Read More</a></p>
    </p>
    <p>It was generated from the source </p>
    <p>For the url /.html</p>
    <p></p>
    <p>Here are the recent posts again:
      <ul>
      </ul>
    </p>
  </body>
</html>
