<html>
  <head>
    <title>Posts</title>
  </head>
  <body>
    <h1>This post page is called Posts</h1>
    <h2>The Quux In The Maw</h2>
    <p>
      <small>Posted on Monday, July 20, 2020 with tags:
         <a href="/posts/tags/quux">quux</a>
         <a href="/posts/tags/spatula">spatula</a>
      </small> 
      <p><p>Lorem ipsum</p></p>
      <p><a href=/posts/quuz.html>Read More</a></p>
    </p>
    <h2>The Baz In the Hills</h2>
    <p>
      <small>Posted on Sunday, June 28, 2020 with tags:
         <a href="/posts/tags/baz">baz</a>
         <a href="/posts/tags/spatula">spatula</a>
      </small> 
      <p><p>Lorem ipsum</p></p>
      <p><a href=/posts/baz.html>Read More</a></p>
    </p>
    <h2>The Bar in the mountains</h2>
    <p>
      <small>Posted on Monday, June 01, 2020 with tags:
         <a href="/posts/tags/bar">bar</a>
         <a href="/posts/tags/spatula">spatula</a>
      </small> 
      <p><p>Lorem ipsum</p></p>
      <p><a href=/posts/bar.html>Read More</a></p>
    </p>
    <h2>The Foo In The Valley</h2>
    <p>
      <small>Posted on Tuesday, April 28, 2020 with tags:
         <a href="/posts/tags/foo">foo</a>
         <a href="/posts/tags/spatula">spatula</a>
      </small> 
      <p><p>Lorem ipsum</p></p>
      <p><a href=/posts/foo.html>Read More</a></p>
    </p>
    <p>It was generated from the source </p>
    <p>For the url /posts/pages/1</p>
    <p></p>
    <p>Here are the recent posts again:
      <ul>
      </ul>
    </p>
  </body>
</html>
