<html>
  <head>
    <title>Posts tagged foo</title>
  </head>
  <body>
    <h1>This post page is called Posts tagged foo</h1>
    <h2>The Foo In The Valley</h2>
    <p>
      <small>Posted on Tuesday, April 28, 2020 with tags:
         <a href="/posts/tags/foo">foo</a>
         <a href="/posts/tags/spatula">spatula</a>
      </small> 
      <p><p>Lorem ipsum</p></p>
      <p><a href=/.html>Read More</a></p>
    </p>
    <p>It was generated from the source </p>
    <p>For the url /.html</p>
    <p></p>
    <p>Here are the recent posts again:
      <ul>
      </ul>
    </p>
  </body>
</html>
