<html>
  <head>
    <title>The First Subsection</title>
  </head>
  <body>
    <h1>This post page is called The First Subsection</h1>
    <p>It was generated from the source docs/1/index.md</p>
    <p>For the url /docs/1/index.html</p>
    <p><p>Lorem ipsum</p></p>
    <p>Here are the subsections:
      <ul>
      </ul>
    </p>
  </body>
</html>
