<html>
  <head>
    <title>The Bar in the mountains</title>
  </head>
  <body>
    <h1>This post page is called The Bar in the mountains</h1>
    <p>It was generated from the source test/site/docs/bar.md</p>
    <p>For the url </p>
    <p><p>Lorem ipsum</p></p>
    <p>Here are the recent posts again:
      <ul>
      </ul>
    </p>
  </body>
</html>
