<html>
  <head>
    <title>The Baz In the Hills</title>
  </head>
  <body>
    <h1>This post page is called The Baz In the Hills</h1>
    <p>It was generated from the source test/site/docs/baz.md</p>
    <p>For the url </p>
    <p><p>Lorem ipsum</p></p>
    <p>Here are the recent posts again:
      <ul>
        <li>
          <a href="/docs/quux.html">The Quux In The Maw</a>
          <p>bowowowowow</p>
        </li>
      </ul>
    </p>
  </body>
</html>
