<html>
  <head>
    <title>The First Doc</title>
  </head>
  <body>
    <h1>This post page is called The First Doc</h1>
    <p>It was generated from the source docs/index.md</p>
    <p>For the url /docs/index.html</p>
    <p><p>Lorem ipsum</p></p>
    <p>Here are the subsections:
      <ul>
        <li>
          <a href="/docs/1/index.html">The First Subsection</a>
          <p>The First Subsection</p>
        </li>
        <li>
          <a href="/docs/2/index.html">The Second Subsection</a>
          <p>The Second Subsection</p>
        </li>
      </ul>
    </p>
  </body>
</html>
