<html>
  <head>
    <title>Hi I’m champ</title>
  </head>
  <body>
    <h1>This post page is called Hi I’m champ</h1>
    <p>It was generated from the source docs/2/champ.md</p>
    <p>For the url /docs/2/champ.html</p>
    <p><p>Lorem ipsum</p></p>
    <p>Here are the subsections:
      <ul>
      </ul>
    </p>
  </body>
</html>
