<html>
  <head>
    <title>The Second Subsection</title>
  </head>
  <body>
    <h1>This post page is called The Second Subsection</h1>
    <p>It was generated from the source docs/2/index.md</p>
    <p>For the url /docs/2/index.html</p>
    <p><p>Lorem ipsum</p></p>
    <p>Here are the subsections:
      <ul>
        <li>
          <a href="/docs/2/champ.html">Hi Iâ€™m champ</a>
          <p>Woof</p>
        </li>
      </ul>
    </p>
  </body>
</html>
