<html>
  <head>
    <title>Posts tagged baz</title>
  </head>
  <body>
    <h1>This post page is called Posts tagged baz</h1>
    <h2>The Baz In the Hills</h2>
    <p>
      <small>Posted on Sunday, June 28, 2020 with tags:
         <a href="/posts/tags/baz">baz</a>
         <a href="/posts/tags/spatula">spatula</a>
      </small> 
      <p><p>Lorem ipsum</p></p>
      <p><a href=/posts/baz.html>Read More</a></p>
    </p>
    <p>It was generated from the source </p>
    <p>For the url /posts/tags/baz/pages/1</p>
    <p></p>
    <p>Here are the recent posts again:
      <ul>
      </ul>
    </p>
  </body>
</html>
